<!doctype html public "-//w3c//dtd html 4.0 transitional//en">
<html><head>
<title>Static Call Graph - [.\Objects\USART_Interrupt.axf]</title></head>
<body><HR>
<H1>Static Call Graph for image .\Objects\USART_Interrupt.axf</H1><HR>
<BR><P>#&#060CALLGRAPH&#062# ARM Linker, 5060750: Last Updated: Mon Apr 24 14:49:19 2023
<BR><P>
<H3>Maximum Stack Usage =        140 bytes + Unknown(Cycles, Untraceable Function Pointers)</H3><H3>
Call chain for Maximum Stack Depth:</H3>
main &rArr; APM_MINI_COMInit &rArr; USART_Config &rArr; RCM_ReadPCLKFreq &rArr; RCM_ReadHCLKFreq
<P>
<H3>
Mutually Recursive functions
</H3> <LI><a href="#[1c]">ADC1_2_IRQHandler</a>&nbsp;&nbsp;&nbsp;&rArr;&nbsp;&nbsp;&nbsp;<a href="#[1c]">ADC1_2_IRQHandler</a><BR>
</UL>
<P>
<H3>
Function Pointers
</H3><UL>
 <LI><a href="#[1c]">ADC1_2_IRQHandler</a> from startup_apm32f10x_hd.o(.text) referenced from startup_apm32f10x_hd.o(RESET)
 <LI><a href="#[39]">ADC3_IRQHandler</a> from startup_apm32f10x_hd.o(.text) referenced from startup_apm32f10x_hd.o(RESET)
 <LI><a href="#[4]">BusFault_Handler</a> from apm32f10x_int.o(i.BusFault_Handler) referenced from startup_apm32f10x_hd.o(RESET)
 <LI><a href="#[1f]">CAN1_RX1_IRQHandler</a> from startup_apm32f10x_hd.o(.text) referenced from startup_apm32f10x_hd.o(RESET)
 <LI><a href="#[20]">CAN1_SCE_IRQHandler</a> from startup_apm32f10x_hd.o(.text) referenced from startup_apm32f10x_hd.o(RESET)
 <LI><a href="#[48]">CAN2_RX1_IRQHandler</a> from startup_apm32f10x_hd.o(.text) referenced from startup_apm32f10x_hd.o(RESET)
 <LI><a href="#[49]">CAN2_SCE_IRQHandler</a> from startup_apm32f10x_hd.o(.text) referenced from startup_apm32f10x_hd.o(RESET)
 <LI><a href="#[15]">DMA1_Channel1_IRQHandler</a> from startup_apm32f10x_hd.o(.text) referenced from startup_apm32f10x_hd.o(RESET)
 <LI><a href="#[16]">DMA1_Channel2_IRQHandler</a> from startup_apm32f10x_hd.o(.text) referenced from startup_apm32f10x_hd.o(RESET)
 <LI><a href="#[17]">DMA1_Channel3_IRQHandler</a> from startup_apm32f10x_hd.o(.text) referenced from startup_apm32f10x_hd.o(RESET)
 <LI><a href="#[18]">DMA1_Channel4_IRQHandler</a> from startup_apm32f10x_hd.o(.text) referenced from startup_apm32f10x_hd.o(RESET)
 <LI><a href="#[19]">DMA1_Channel5_IRQHandler</a> from startup_apm32f10x_hd.o(.text) referenced from startup_apm32f10x_hd.o(RESET)
 <LI><a href="#[1a]">DMA1_Channel6_IRQHandler</a> from startup_apm32f10x_hd.o(.text) referenced from startup_apm32f10x_hd.o(RESET)
 <LI><a href="#[1b]">DMA1_Channel7_IRQHandler</a> from startup_apm32f10x_hd.o(.text) referenced from startup_apm32f10x_hd.o(RESET)
 <LI><a href="#[42]">DMA2_Channel1_IRQHandler</a> from startup_apm32f10x_hd.o(.text) referenced from startup_apm32f10x_hd.o(RESET)
 <LI><a href="#[43]">DMA2_Channel2_IRQHandler</a> from startup_apm32f10x_hd.o(.text) referenced from startup_apm32f10x_hd.o(RESET)
 <LI><a href="#[44]">DMA2_Channel3_IRQHandler</a> from startup_apm32f10x_hd.o(.text) referenced from startup_apm32f10x_hd.o(RESET)
 <LI><a href="#[45]">DMA2_Channel4_5_IRQHandler</a> from startup_apm32f10x_hd.o(.text) referenced from startup_apm32f10x_hd.o(RESET)
 <LI><a href="#[7]">DebugMon_Handler</a> from apm32f10x_int.o(i.DebugMon_Handler) referenced from startup_apm32f10x_hd.o(RESET)
 <LI><a href="#[10]">EINT0_IRQHandler</a> from startup_apm32f10x_hd.o(.text) referenced from startup_apm32f10x_hd.o(RESET)
 <LI><a href="#[32]">EINT15_10_IRQHandler</a> from startup_apm32f10x_hd.o(.text) referenced from startup_apm32f10x_hd.o(RESET)
 <LI><a href="#[11]">EINT1_IRQHandler</a> from startup_apm32f10x_hd.o(.text) referenced from startup_apm32f10x_hd.o(RESET)
 <LI><a href="#[12]">EINT2_IRQHandler</a> from startup_apm32f10x_hd.o(.text) referenced from startup_apm32f10x_hd.o(RESET)
 <LI><a href="#[13]">EINT3_IRQHandler</a> from startup_apm32f10x_hd.o(.text) referenced from startup_apm32f10x_hd.o(RESET)
 <LI><a href="#[14]">EINT4_IRQHandler</a> from startup_apm32f10x_hd.o(.text) referenced from startup_apm32f10x_hd.o(RESET)
 <LI><a href="#[21]">EINT9_5_IRQHandler</a> from startup_apm32f10x_hd.o(.text) referenced from startup_apm32f10x_hd.o(RESET)
 <LI><a href="#[3a]">EMMC_IRQHandler</a> from startup_apm32f10x_hd.o(.text) referenced from startup_apm32f10x_hd.o(RESET)
 <LI><a href="#[e]">FLASH_IRQHandler</a> from startup_apm32f10x_hd.o(.text) referenced from startup_apm32f10x_hd.o(RESET)
 <LI><a href="#[2]">HardFault_Handler</a> from apm32f10x_int.o(i.HardFault_Handler) referenced from startup_apm32f10x_hd.o(RESET)
 <LI><a href="#[2a]">I2C1_ER_IRQHandler</a> from startup_apm32f10x_hd.o(.text) referenced from startup_apm32f10x_hd.o(RESET)
 <LI><a href="#[29]">I2C1_EV_IRQHandler</a> from startup_apm32f10x_hd.o(.text) referenced from startup_apm32f10x_hd.o(RESET)
 <LI><a href="#[2c]">I2C2_ER_IRQHandler</a> from startup_apm32f10x_hd.o(.text) referenced from startup_apm32f10x_hd.o(RESET)
 <LI><a href="#[2b]">I2C2_EV_IRQHandler</a> from startup_apm32f10x_hd.o(.text) referenced from startup_apm32f10x_hd.o(RESET)
 <LI><a href="#[3]">MemManage_Handler</a> from apm32f10x_int.o(i.MemManage_Handler) referenced from startup_apm32f10x_hd.o(RESET)
 <LI><a href="#[1]">NMI_Handler</a> from apm32f10x_int.o(i.NMI_Handler) referenced from startup_apm32f10x_hd.o(RESET)
 <LI><a href="#[b]">PVD_IRQHandler</a> from startup_apm32f10x_hd.o(.text) referenced from startup_apm32f10x_hd.o(RESET)
 <LI><a href="#[8]">PendSV_Handler</a> from apm32f10x_int.o(i.PendSV_Handler) referenced from startup_apm32f10x_hd.o(RESET)
 <LI><a href="#[f]">RCM_IRQHandler</a> from startup_apm32f10x_hd.o(.text) referenced from startup_apm32f10x_hd.o(RESET)
 <LI><a href="#[33]">RTCAlarm_IRQHandler</a> from startup_apm32f10x_hd.o(.text) referenced from startup_apm32f10x_hd.o(RESET)
 <LI><a href="#[d]">RTC_IRQHandler</a> from startup_apm32f10x_hd.o(.text) referenced from startup_apm32f10x_hd.o(RESET)
 <LI><a href="#[0]">Reset_Handler</a> from startup_apm32f10x_hd.o(.text) referenced from startup_apm32f10x_hd.o(RESET)
 <LI><a href="#[3b]">SDIO_IRQHandler</a> from startup_apm32f10x_hd.o(.text) referenced from startup_apm32f10x_hd.o(RESET)
 <LI><a href="#[2d]">SPI1_IRQHandler</a> from startup_apm32f10x_hd.o(.text) referenced from startup_apm32f10x_hd.o(RESET)
 <LI><a href="#[2e]">SPI2_IRQHandler</a> from startup_apm32f10x_hd.o(.text) referenced from startup_apm32f10x_hd.o(RESET)
 <LI><a href="#[3d]">SPI3_IRQHandler</a> from startup_apm32f10x_hd.o(.text) referenced from startup_apm32f10x_hd.o(RESET)
 <LI><a href="#[6]">SVC_Handler</a> from apm32f10x_int.o(i.SVC_Handler) referenced from startup_apm32f10x_hd.o(RESET)
 <LI><a href="#[9]">SysTick_Handler</a> from apm32f10x_int.o(i.SysTick_Handler) referenced from startup_apm32f10x_hd.o(RESET)
 <LI><a href="#[4b]">SystemInit</a> from system_apm32f10x.o(i.SystemInit) referenced from startup_apm32f10x_hd.o(.text)
 <LI><a href="#[c]">TAMPER_IRQHandler</a> from startup_apm32f10x_hd.o(.text) referenced from startup_apm32f10x_hd.o(RESET)
 <LI><a href="#[22]">TMR1_BRK_IRQHandler</a> from startup_apm32f10x_hd.o(.text) referenced from startup_apm32f10x_hd.o(RESET)
 <LI><a href="#[25]">TMR1_CC_IRQHandler</a> from startup_apm32f10x_hd.o(.text) referenced from startup_apm32f10x_hd.o(RESET)
 <LI><a href="#[24]">TMR1_TRG_COM_IRQHandler</a> from startup_apm32f10x_hd.o(.text) referenced from startup_apm32f10x_hd.o(RESET)
 <LI><a href="#[23]">TMR1_UP_IRQHandler</a> from startup_apm32f10x_hd.o(.text) referenced from startup_apm32f10x_hd.o(RESET)
 <LI><a href="#[26]">TMR2_IRQHandler</a> from startup_apm32f10x_hd.o(.text) referenced from startup_apm32f10x_hd.o(RESET)
 <LI><a href="#[27]">TMR3_IRQHandler</a> from startup_apm32f10x_hd.o(.text) referenced from startup_apm32f10x_hd.o(RESET)
 <LI><a href="#[28]">TMR4_IRQHandler</a> from startup_apm32f10x_hd.o(.text) referenced from startup_apm32f10x_hd.o(RESET)
 <LI><a href="#[3c]">TMR5_IRQHandler</a> from startup_apm32f10x_hd.o(.text) referenced from startup_apm32f10x_hd.o(RESET)
 <LI><a href="#[40]">TMR6_IRQHandler</a> from startup_apm32f10x_hd.o(.text) referenced from startup_apm32f10x_hd.o(RESET)
 <LI><a href="#[41]">TMR7_IRQHandler</a> from startup_apm32f10x_hd.o(.text) referenced from startup_apm32f10x_hd.o(RESET)
 <LI><a href="#[35]">TMR8_BRK_IRQHandler</a> from startup_apm32f10x_hd.o(.text) referenced from startup_apm32f10x_hd.o(RESET)
 <LI><a href="#[38]">TMR8_CC_IRQHandler</a> from startup_apm32f10x_hd.o(.text) referenced from startup_apm32f10x_hd.o(RESET)
 <LI><a href="#[37]">TMR8_TRG_COM_IRQHandler</a> from startup_apm32f10x_hd.o(.text) referenced from startup_apm32f10x_hd.o(RESET)
 <LI><a href="#[36]">TMR8_UP_IRQHandler</a> from startup_apm32f10x_hd.o(.text) referenced from startup_apm32f10x_hd.o(RESET)
 <LI><a href="#[3e]">UART4_IRQHandler</a> from startup_apm32f10x_hd.o(.text) referenced from startup_apm32f10x_hd.o(RESET)
 <LI><a href="#[3f]">UART5_IRQHandler</a> from startup_apm32f10x_hd.o(.text) referenced from startup_apm32f10x_hd.o(RESET)
 <LI><a href="#[2f]">USART1_IRQHandler</a> from apm32f10x_int.o(i.USART1_IRQHandler) referenced from startup_apm32f10x_hd.o(RESET)
 <LI><a href="#[30]">USART2_IRQHandler</a> from apm32f10x_int.o(i.USART2_IRQHandler) referenced from startup_apm32f10x_hd.o(RESET)
 <LI><a href="#[31]">USART3_IRQHandler</a> from startup_apm32f10x_hd.o(.text) referenced from startup_apm32f10x_hd.o(RESET)
 <LI><a href="#[1d]">USBD1_HP_CAN1_TX_IRQHandler</a> from startup_apm32f10x_hd.o(.text) referenced from startup_apm32f10x_hd.o(RESET)
 <LI><a href="#[1e]">USBD1_LP_CAN1_RX0_IRQHandler</a> from startup_apm32f10x_hd.o(.text) referenced from startup_apm32f10x_hd.o(RESET)
 <LI><a href="#[46]">USBD2_HP_CAN2_TX_IRQHandler</a> from startup_apm32f10x_hd.o(.text) referenced from startup_apm32f10x_hd.o(RESET)
 <LI><a href="#[47]">USBD2_LP_CAN2_RX0_IRQHandler</a> from startup_apm32f10x_hd.o(.text) referenced from startup_apm32f10x_hd.o(RESET)
 <LI><a href="#[34]">USBDWakeUp_IRQHandler</a> from startup_apm32f10x_hd.o(.text) referenced from startup_apm32f10x_hd.o(RESET)
 <LI><a href="#[5]">UsageFault_Handler</a> from apm32f10x_int.o(i.UsageFault_Handler) referenced from startup_apm32f10x_hd.o(RESET)
 <LI><a href="#[a]">WWDT_IRQHandler</a> from startup_apm32f10x_hd.o(.text) referenced from startup_apm32f10x_hd.o(RESET)
 <LI><a href="#[4c]">__main</a> from entry.o(.ARM.Collect$$$$00000000) referenced from startup_apm32f10x_hd.o(.text)
 <LI><a href="#[4a]">main</a> from main.o(i.main) referenced from entry9a.o(.ARM.Collect$$$$0000000B)
</UL>
<P>
<H3>
Global Symbols
</H3>
<P><STRONG><a name="[4c]"></a>__main</STRONG> (Thumb, 0 bytes, Stack size unknown bytes, entry.o(.ARM.Collect$$$$00000000))
<BR>[Address Reference Count : 1]<UL><LI> startup_apm32f10x_hd.o(.text)
</UL>
<P><STRONG><a name="[6f]"></a>_main_stk</STRONG> (Thumb, 0 bytes, Stack size unknown bytes, entry2.o(.ARM.Collect$$$$00000001))

<P><STRONG><a name="[4d]"></a>_main_scatterload</STRONG> (Thumb, 0 bytes, Stack size unknown bytes, entry5.o(.ARM.Collect$$$$00000004))
<BR><BR>[Calls]<UL><LI><a href="#[4e]">&gt;&gt;</a>&nbsp;&nbsp;&nbsp;__scatterload
</UL>

<P><STRONG><a name="[4f]"></a>__main_after_scatterload</STRONG> (Thumb, 0 bytes, Stack size unknown bytes, entry5.o(.ARM.Collect$$$$00000004))
<BR><BR>[Called By]<UL><LI><a href="#[4e]">&gt;&gt;</a>&nbsp;&nbsp;&nbsp;__scatterload
</UL>

<P><STRONG><a name="[70]"></a>_main_clock</STRONG> (Thumb, 0 bytes, Stack size unknown bytes, entry7b.o(.ARM.Collect$$$$00000008))

<P><STRONG><a name="[71]"></a>_main_cpp_init</STRONG> (Thumb, 0 bytes, Stack size unknown bytes, entry8b.o(.ARM.Collect$$$$0000000A))

<P><STRONG><a name="[72]"></a>_main_init</STRONG> (Thumb, 0 bytes, Stack size unknown bytes, entry9a.o(.ARM.Collect$$$$0000000B))

<P><STRONG><a name="[73]"></a>__rt_final_cpp</STRONG> (Thumb, 0 bytes, Stack size unknown bytes, entry10a.o(.ARM.Collect$$$$0000000D))

<P><STRONG><a name="[74]"></a>__rt_final_exit</STRONG> (Thumb, 0 bytes, Stack size unknown bytes, entry11a.o(.ARM.Collect$$$$0000000F))

<P><STRONG><a name="[0]"></a>Reset_Handler</STRONG> (Thumb, 8 bytes, Stack size 0 bytes, startup_apm32f10x_hd.o(.text))
<BR>[Address Reference Count : 1]<UL><LI> startup_apm32f10x_hd.o(RESET)
</UL>
<P><STRONG><a name="[1c]"></a>ADC1_2_IRQHandler</STRONG> (Thumb, 0 bytes, Stack size 0 bytes, startup_apm32f10x_hd.o(.text))
<BR><BR>[Calls]<UL><LI><a href="#[1c]">&gt;&gt;</a>&nbsp;&nbsp;&nbsp;ADC1_2_IRQHandler
</UL>
<BR>[Called By]<UL><LI><a href="#[1c]">&gt;&gt;</a>&nbsp;&nbsp;&nbsp;ADC1_2_IRQHandler
</UL>
<BR>[Address Reference Count : 1]<UL><LI> startup_apm32f10x_hd.o(RESET)
</UL>
<P><STRONG><a name="[39]"></a>ADC3_IRQHandler</STRONG> (Thumb, 0 bytes, Stack size 0 bytes, startup_apm32f10x_hd.o(.text))
<BR>[Address Reference Count : 1]<UL><LI> startup_apm32f10x_hd.o(RESET)
</UL>
<P><STRONG><a name="[1f]"></a>CAN1_RX1_IRQHandler</STRONG> (Thumb, 0 bytes, Stack size 0 bytes, startup_apm32f10x_hd.o(.text))
<BR>[Address Reference Count : 1]<UL><LI> startup_apm32f10x_hd.o(RESET)
</UL>
<P><STRONG><a name="[20]"></a>CAN1_SCE_IRQHandler</STRONG> (Thumb, 0 bytes, Stack size 0 bytes, startup_apm32f10x_hd.o(.text))
<BR>[Address Reference Count : 1]<UL><LI> startup_apm32f10x_hd.o(RESET)
</UL>
<P><STRONG><a name="[48]"></a>CAN2_RX1_IRQHandler</STRONG> (Thumb, 0 bytes, Stack size 0 bytes, startup_apm32f10x_hd.o(.text))
<BR>[Address Reference Count : 1]<UL><LI> startup_apm32f10x_hd.o(RESET)
</UL>
<P><STRONG><a name="[49]"></a>CAN2_SCE_IRQHandler</STRONG> (Thumb, 0 bytes, Stack size 0 bytes, startup_apm32f10x_hd.o(.text))
<BR>[Address Reference Count : 1]<UL><LI> startup_apm32f10x_hd.o(RESET)
</UL>
<P><STRONG><a name="[15]"></a>DMA1_Channel1_IRQHandler</STRONG> (Thumb, 0 bytes, Stack size 0 bytes, startup_apm32f10x_hd.o(.text))
<BR>[Address Reference Count : 1]<UL><LI> startup_apm32f10x_hd.o(RESET)
</UL>
<P><STRONG><a name="[16]"></a>DMA1_Channel2_IRQHandler</STRONG> (Thumb, 0 bytes, Stack size 0 bytes, startup_apm32f10x_hd.o(.text))
<BR>[Address Reference Count : 1]<UL><LI> startup_apm32f10x_hd.o(RESET)
</UL>
<P><STRONG><a name="[17]"></a>DMA1_Channel3_IRQHandler</STRONG> (Thumb, 0 bytes, Stack size 0 bytes, startup_apm32f10x_hd.o(.text))
<BR>[Address Reference Count : 1]<UL><LI> startup_apm32f10x_hd.o(RESET)
</UL>
<P><STRONG><a name="[18]"></a>DMA1_Channel4_IRQHandler</STRONG> (Thumb, 0 bytes, Stack size 0 bytes, startup_apm32f10x_hd.o(.text))
<BR>[Address Reference Count : 1]<UL><LI> startup_apm32f10x_hd.o(RESET)
</UL>
<P><STRONG><a name="[19]"></a>DMA1_Channel5_IRQHandler</STRONG> (Thumb, 0 bytes, Stack size 0 bytes, startup_apm32f10x_hd.o(.text))
<BR>[Address Reference Count : 1]<UL><LI> startup_apm32f10x_hd.o(RESET)
</UL>
<P><STRONG><a name="[1a]"></a>DMA1_Channel6_IRQHandler</STRONG> (Thumb, 0 bytes, Stack size 0 bytes, startup_apm32f10x_hd.o(.text))
<BR>[Address Reference Count : 1]<UL><LI> startup_apm32f10x_hd.o(RESET)
</UL>
<P><STRONG><a name="[1b]"></a>DMA1_Channel7_IRQHandler</STRONG> (Thumb, 0 bytes, Stack size 0 bytes, startup_apm32f10x_hd.o(.text))
<BR>[Address Reference Count : 1]<UL><LI> startup_apm32f10x_hd.o(RESET)
</UL>
<P><STRONG><a name="[42]"></a>DMA2_Channel1_IRQHandler</STRONG> (Thumb, 0 bytes, Stack size 0 bytes, startup_apm32f10x_hd.o(.text))
<BR>[Address Reference Count : 1]<UL><LI> startup_apm32f10x_hd.o(RESET)
</UL>
<P><STRONG><a name="[43]"></a>DMA2_Channel2_IRQHandler</STRONG> (Thumb, 0 bytes, Stack size 0 bytes, startup_apm32f10x_hd.o(.text))
<BR>[Address Reference Count : 1]<UL><LI> startup_apm32f10x_hd.o(RESET)
</UL>
<P><STRONG><a name="[44]"></a>DMA2_Channel3_IRQHandler</STRONG> (Thumb, 0 bytes, Stack size 0 bytes, startup_apm32f10x_hd.o(.text))
<BR>[Address Reference Count : 1]<UL><LI> startup_apm32f10x_hd.o(RESET)
</UL>
<P><STRONG><a name="[45]"></a>DMA2_Channel4_5_IRQHandler</STRONG> (Thumb, 0 bytes, Stack size 0 bytes, startup_apm32f10x_hd.o(.text))
<BR>[Address Reference Count : 1]<UL><LI> startup_apm32f10x_hd.o(RESET)
</UL>
<P><STRONG><a name="[10]"></a>EINT0_IRQHandler</STRONG> (Thumb, 0 bytes, Stack size 0 bytes, startup_apm32f10x_hd.o(.text))
<BR>[Address Reference Count : 1]<UL><LI> startup_apm32f10x_hd.o(RESET)
</UL>
<P><STRONG><a name="[32]"></a>EINT15_10_IRQHandler</STRONG> (Thumb, 0 bytes, Stack size 0 bytes, startup_apm32f10x_hd.o(.text))
<BR>[Address Reference Count : 1]<UL><LI> startup_apm32f10x_hd.o(RESET)
</UL>
<P><STRONG><a name="[11]"></a>EINT1_IRQHandler</STRONG> (Thumb, 0 bytes, Stack size 0 bytes, startup_apm32f10x_hd.o(.text))
<BR>[Address Reference Count : 1]<UL><LI> startup_apm32f10x_hd.o(RESET)
</UL>
<P><STRONG><a name="[12]"></a>EINT2_IRQHandler</STRONG> (Thumb, 0 bytes, Stack size 0 bytes, startup_apm32f10x_hd.o(.text))
<BR>[Address Reference Count : 1]<UL><LI> startup_apm32f10x_hd.o(RESET)
</UL>
<P><STRONG><a name="[13]"></a>EINT3_IRQHandler</STRONG> (Thumb, 0 bytes, Stack size 0 bytes, startup_apm32f10x_hd.o(.text))
<BR>[Address Reference Count : 1]<UL><LI> startup_apm32f10x_hd.o(RESET)
</UL>
<P><STRONG><a name="[14]"></a>EINT4_IRQHandler</STRONG> (Thumb, 0 bytes, Stack size 0 bytes, startup_apm32f10x_hd.o(.text))
<BR>[Address Reference Count : 1]<UL><LI> startup_apm32f10x_hd.o(RESET)
</UL>
<P><STRONG><a name="[21]"></a>EINT9_5_IRQHandler</STRONG> (Thumb, 0 bytes, Stack size 0 bytes, startup_apm32f10x_hd.o(.text))
<BR>[Address Reference Count : 1]<UL><LI> startup_apm32f10x_hd.o(RESET)
</UL>
<P><STRONG><a name="[3a]"></a>EMMC_IRQHandler</STRONG> (Thumb, 0 bytes, Stack size 0 bytes, startup_apm32f10x_hd.o(.text))
<BR>[Address Reference Count : 1]<UL><LI> startup_apm32f10x_hd.o(RESET)
</UL>
<P><STRONG><a name="[e]"></a>FLASH_IRQHandler</STRONG> (Thumb, 0 bytes, Stack size 0 bytes, startup_apm32f10x_hd.o(.text))
<BR>[Address Reference Count : 1]<UL><LI> startup_apm32f10x_hd.o(RESET)
</UL>
<P><STRONG><a name="[2a]"></a>I2C1_ER_IRQHandler</STRONG> (Thumb, 0 bytes, Stack size 0 bytes, startup_apm32f10x_hd.o(.text))
<BR>[Address Reference Count : 1]<UL><LI> startup_apm32f10x_hd.o(RESET)
</UL>
<P><STRONG><a name="[29]"></a>I2C1_EV_IRQHandler</STRONG> (Thumb, 0 bytes, Stack size 0 bytes, startup_apm32f10x_hd.o(.text))
<BR>[Address Reference Count : 1]<UL><LI> startup_apm32f10x_hd.o(RESET)
</UL>
<P><STRONG><a name="[2c]"></a>I2C2_ER_IRQHandler</STRONG> (Thumb, 0 bytes, Stack size 0 bytes, startup_apm32f10x_hd.o(.text))
<BR>[Address Reference Count : 1]<UL><LI> startup_apm32f10x_hd.o(RESET)
</UL>
<P><STRONG><a name="[2b]"></a>I2C2_EV_IRQHandler</STRONG> (Thumb, 0 bytes, Stack size 0 bytes, startup_apm32f10x_hd.o(.text))
<BR>[Address Reference Count : 1]<UL><LI> startup_apm32f10x_hd.o(RESET)
</UL>
<P><STRONG><a name="[b]"></a>PVD_IRQHandler</STRONG> (Thumb, 0 bytes, Stack size 0 bytes, startup_apm32f10x_hd.o(.text))
<BR>[Address Reference Count : 1]<UL><LI> startup_apm32f10x_hd.o(RESET)
</UL>
<P><STRONG><a name="[f]"></a>RCM_IRQHandler</STRONG> (Thumb, 0 bytes, Stack size 0 bytes, startup_apm32f10x_hd.o(.text))
<BR>[Address Reference Count : 1]<UL><LI> startup_apm32f10x_hd.o(RESET)
</UL>
<P><STRONG><a name="[33]"></a>RTCAlarm_IRQHandler</STRONG> (Thumb, 0 bytes, Stack size 0 bytes, startup_apm32f10x_hd.o(.text))
<BR>[Address Reference Count : 1]<UL><LI> startup_apm32f10x_hd.o(RESET)
</UL>
<P><STRONG><a name="[d]"></a>RTC_IRQHandler</STRONG> (Thumb, 0 bytes, Stack size 0 bytes, startup_apm32f10x_hd.o(.text))
<BR>[Address Reference Count : 1]<UL><LI> startup_apm32f10x_hd.o(RESET)
</UL>
<P><STRONG><a name="[3b]"></a>SDIO_IRQHandler</STRONG> (Thumb, 0 bytes, Stack size 0 bytes, startup_apm32f10x_hd.o(.text))
<BR>[Address Reference Count : 1]<UL><LI> startup_apm32f10x_hd.o(RESET)
</UL>
<P><STRONG><a name="[2d]"></a>SPI1_IRQHandler</STRONG> (Thumb, 0 bytes, Stack size 0 bytes, startup_apm32f10x_hd.o(.text))
<BR>[Address Reference Count : 1]<UL><LI> startup_apm32f10x_hd.o(RESET)
</UL>
<P><STRONG><a name="[2e]"></a>SPI2_IRQHandler</STRONG> (Thumb, 0 bytes, Stack size 0 bytes, startup_apm32f10x_hd.o(.text))
<BR>[Address Reference Count : 1]<UL><LI> startup_apm32f10x_hd.o(RESET)
</UL>
<P><STRONG><a name="[3d]"></a>SPI3_IRQHandler</STRONG> (Thumb, 0 bytes, Stack size 0 bytes, startup_apm32f10x_hd.o(.text))
<BR>[Address Reference Count : 1]<UL><LI> startup_apm32f10x_hd.o(RESET)
</UL>
<P><STRONG><a name="[c]"></a>TAMPER_IRQHandler</STRONG> (Thumb, 0 bytes, Stack size 0 bytes, startup_apm32f10x_hd.o(.text))
<BR>[Address Reference Count : 1]<UL><LI> startup_apm32f10x_hd.o(RESET)
</UL>
<P><STRONG><a name="[22]"></a>TMR1_BRK_IRQHandler</STRONG> (Thumb, 0 bytes, Stack size 0 bytes, startup_apm32f10x_hd.o(.text))
<BR>[Address Reference Count : 1]<UL><LI> startup_apm32f10x_hd.o(RESET)
</UL>
<P><STRONG><a name="[25]"></a>TMR1_CC_IRQHandler</STRONG> (Thumb, 0 bytes, Stack size 0 bytes, startup_apm32f10x_hd.o(.text))
<BR>[Address Reference Count : 1]<UL><LI> startup_apm32f10x_hd.o(RESET)
</UL>
<P><STRONG><a name="[24]"></a>TMR1_TRG_COM_IRQHandler</STRONG> (Thumb, 0 bytes, Stack size 0 bytes, startup_apm32f10x_hd.o(.text))
<BR>[Address Reference Count : 1]<UL><LI> startup_apm32f10x_hd.o(RESET)
</UL>
<P><STRONG><a name="[23]"></a>TMR1_UP_IRQHandler</STRONG> (Thumb, 0 bytes, Stack size 0 bytes, startup_apm32f10x_hd.o(.text))
<BR>[Address Reference Count : 1]<UL><LI> startup_apm32f10x_hd.o(RESET)
</UL>
<P><STRONG><a name="[26]"></a>TMR2_IRQHandler</STRONG> (Thumb, 0 bytes, Stack size 0 bytes, startup_apm32f10x_hd.o(.text))
<BR>[Address Reference Count : 1]<UL><LI> startup_apm32f10x_hd.o(RESET)
</UL>
<P><STRONG><a name="[27]"></a>TMR3_IRQHandler</STRONG> (Thumb, 0 bytes, Stack size 0 bytes, startup_apm32f10x_hd.o(.text))
<BR>[Address Reference Count : 1]<UL><LI> startup_apm32f10x_hd.o(RESET)
</UL>
<P><STRONG><a name="[28]"></a>TMR4_IRQHandler</STRONG> (Thumb, 0 bytes, Stack size 0 bytes, startup_apm32f10x_hd.o(.text))
<BR>[Address Reference Count : 1]<UL><LI> startup_apm32f10x_hd.o(RESET)
</UL>
<P><STRONG><a name="[3c]"></a>TMR5_IRQHandler</STRONG> (Thumb, 0 bytes, Stack size 0 bytes, startup_apm32f10x_hd.o(.text))
<BR>[Address Reference Count : 1]<UL><LI> startup_apm32f10x_hd.o(RESET)
</UL>
<P><STRONG><a name="[40]"></a>TMR6_IRQHandler</STRONG> (Thumb, 0 bytes, Stack size 0 bytes, startup_apm32f10x_hd.o(.text))
<BR>[Address Reference Count : 1]<UL><LI> startup_apm32f10x_hd.o(RESET)
</UL>
<P><STRONG><a name="[41]"></a>TMR7_IRQHandler</STRONG> (Thumb, 0 bytes, Stack size 0 bytes, startup_apm32f10x_hd.o(.text))
<BR>[Address Reference Count : 1]<UL><LI> startup_apm32f10x_hd.o(RESET)
</UL>
<P><STRONG><a name="[35]"></a>TMR8_BRK_IRQHandler</STRONG> (Thumb, 0 bytes, Stack size 0 bytes, startup_apm32f10x_hd.o(.text))
<BR>[Address Reference Count : 1]<UL><LI> startup_apm32f10x_hd.o(RESET)
</UL>
<P><STRONG><a name="[38]"></a>TMR8_CC_IRQHandler</STRONG> (Thumb, 0 bytes, Stack size 0 bytes, startup_apm32f10x_hd.o(.text))
<BR>[Address Reference Count : 1]<UL><LI> startup_apm32f10x_hd.o(RESET)
</UL>
<P><STRONG><a name="[37]"></a>TMR8_TRG_COM_IRQHandler</STRONG> (Thumb, 0 bytes, Stack size 0 bytes, startup_apm32f10x_hd.o(.text))
<BR>[Address Reference Count : 1]<UL><LI> startup_apm32f10x_hd.o(RESET)
</UL>
<P><STRONG><a name="[36]"></a>TMR8_UP_IRQHandler</STRONG> (Thumb, 0 bytes, Stack size 0 bytes, startup_apm32f10x_hd.o(.text))
<BR>[Address Reference Count : 1]<UL><LI> startup_apm32f10x_hd.o(RESET)
</UL>
<P><STRONG><a name="[3e]"></a>UART4_IRQHandler</STRONG> (Thumb, 0 bytes, Stack size 0 bytes, startup_apm32f10x_hd.o(.text))
<BR>[Address Reference Count : 1]<UL><LI> startup_apm32f10x_hd.o(RESET)
</UL>
<P><STRONG><a name="[3f]"></a>UART5_IRQHandler</STRONG> (Thumb, 0 bytes, Stack size 0 bytes, startup_apm32f10x_hd.o(.text))
<BR>[Address Reference Count : 1]<UL><LI> startup_apm32f10x_hd.o(RESET)
</UL>
<P><STRONG><a name="[31]"></a>USART3_IRQHandler</STRONG> (Thumb, 0 bytes, Stack size 0 bytes, startup_apm32f10x_hd.o(.text))
<BR>[Address Reference Count : 1]<UL><LI> startup_apm32f10x_hd.o(RESET)
</UL>
<P><STRONG><a name="[1d]"></a>USBD1_HP_CAN1_TX_IRQHandler</STRONG> (Thumb, 0 bytes, Stack size 0 bytes, startup_apm32f10x_hd.o(.text))
<BR>[Address Reference Count : 1]<UL><LI> startup_apm32f10x_hd.o(RESET)
</UL>
<P><STRONG><a name="[1e]"></a>USBD1_LP_CAN1_RX0_IRQHandler</STRONG> (Thumb, 0 bytes, Stack size 0 bytes, startup_apm32f10x_hd.o(.text))
<BR>[Address Reference Count : 1]<UL><LI> startup_apm32f10x_hd.o(RESET)
</UL>
<P><STRONG><a name="[46]"></a>USBD2_HP_CAN2_TX_IRQHandler</STRONG> (Thumb, 0 bytes, Stack size 0 bytes, startup_apm32f10x_hd.o(.text))
<BR>[Address Reference Count : 1]<UL><LI> startup_apm32f10x_hd.o(RESET)
</UL>
<P><STRONG><a name="[47]"></a>USBD2_LP_CAN2_RX0_IRQHandler</STRONG> (Thumb, 0 bytes, Stack size 0 bytes, startup_apm32f10x_hd.o(.text))
<BR>[Address Reference Count : 1]<UL><LI> startup_apm32f10x_hd.o(RESET)
</UL>
<P><STRONG><a name="[34]"></a>USBDWakeUp_IRQHandler</STRONG> (Thumb, 0 bytes, Stack size 0 bytes, startup_apm32f10x_hd.o(.text))
<BR>[Address Reference Count : 1]<UL><LI> startup_apm32f10x_hd.o(RESET)
</UL>
<P><STRONG><a name="[a]"></a>WWDT_IRQHandler</STRONG> (Thumb, 0 bytes, Stack size 0 bytes, startup_apm32f10x_hd.o(.text))
<BR>[Address Reference Count : 1]<UL><LI> startup_apm32f10x_hd.o(RESET)
</UL>
<P><STRONG><a name="[6d]"></a>__aeabi_memcpy</STRONG> (Thumb, 36 bytes, Stack size 0 bytes, memcpya.o(.text))
<BR><BR>[Called By]<UL><LI><a href="#[64]">&gt;&gt;</a>&nbsp;&nbsp;&nbsp;send_data
</UL>

<P><STRONG><a name="[75]"></a>__aeabi_memcpy4</STRONG> (Thumb, 0 bytes, Stack size 0 bytes, memcpya.o(.text), UNUSED)

<P><STRONG><a name="[76]"></a>__aeabi_memcpy8</STRONG> (Thumb, 0 bytes, Stack size 0 bytes, memcpya.o(.text), UNUSED)

<P><STRONG><a name="[6c]"></a>strlen</STRONG> (Thumb, 14 bytes, Stack size 0 bytes, strlen.o(.text))
<BR><BR>[Called By]<UL><LI><a href="#[4a]">&gt;&gt;</a>&nbsp;&nbsp;&nbsp;main
</UL>

<P><STRONG><a name="[4e]"></a>__scatterload</STRONG> (Thumb, 28 bytes, Stack size 0 bytes, init.o(.text))
<BR><BR>[Calls]<UL><LI><a href="#[4f]">&gt;&gt;</a>&nbsp;&nbsp;&nbsp;__main_after_scatterload
</UL>
<BR>[Called By]<UL><LI><a href="#[4d]">&gt;&gt;</a>&nbsp;&nbsp;&nbsp;_main_scatterload
</UL>

<P><STRONG><a name="[77]"></a>__scatterload_rt2</STRONG> (Thumb, 0 bytes, Stack size 0 bytes, init.o(.text), UNUSED)

<P><STRONG><a name="[50]"></a>APM_MINI_COMInit</STRONG> (Thumb, 136 bytes, Stack size 16 bytes, board.o(i.APM_MINI_COMInit))
<BR><BR>[Stack]<UL><LI>Max Depth = 108<LI>Call Chain = APM_MINI_COMInit &rArr; USART_Config &rArr; RCM_ReadPCLKFreq &rArr; RCM_ReadHCLKFreq
</UL>
<BR>[Calls]<UL><LI><a href="#[53]">&gt;&gt;</a>&nbsp;&nbsp;&nbsp;GPIO_Config
<LI><a href="#[51]">&gt;&gt;</a>&nbsp;&nbsp;&nbsp;RCM_EnableAPB2PeriphClock
<LI><a href="#[52]">&gt;&gt;</a>&nbsp;&nbsp;&nbsp;RCM_EnableAPB1PeriphClock
<LI><a href="#[55]">&gt;&gt;</a>&nbsp;&nbsp;&nbsp;USART_Enable
<LI><a href="#[54]">&gt;&gt;</a>&nbsp;&nbsp;&nbsp;USART_Config
</UL>
<BR>[Called By]<UL><LI><a href="#[4a]">&gt;&gt;</a>&nbsp;&nbsp;&nbsp;main
</UL>

<P><STRONG><a name="[56]"></a>APM_MINI_LEDInit</STRONG> (Thumb, 64 bytes, Stack size 16 bytes, board.o(i.APM_MINI_LEDInit))
<BR><BR>[Stack]<UL><LI>Max Depth = 36<LI>Call Chain = APM_MINI_LEDInit &rArr; GPIO_Config
</UL>
<BR>[Calls]<UL><LI><a href="#[53]">&gt;&gt;</a>&nbsp;&nbsp;&nbsp;GPIO_Config
<LI><a href="#[51]">&gt;&gt;</a>&nbsp;&nbsp;&nbsp;RCM_EnableAPB2PeriphClock
</UL>
<BR>[Called By]<UL><LI><a href="#[4a]">&gt;&gt;</a>&nbsp;&nbsp;&nbsp;main
</UL>

<P><STRONG><a name="[4]"></a>BusFault_Handler</STRONG> (Thumb, 4 bytes, Stack size 0 bytes, apm32f10x_int.o(i.BusFault_Handler))
<BR>[Address Reference Count : 1]<UL><LI> startup_apm32f10x_hd.o(RESET)
</UL>
<P><STRONG><a name="[69]"></a>DMA_Config</STRONG> (Thumb, 94 bytes, Stack size 0 bytes, apm32f10x_dma.o(i.DMA_Config))
<BR><BR>[Called By]<UL><LI><a href="#[66]">&gt;&gt;</a>&nbsp;&nbsp;&nbsp;config_dma
</UL>

<P><STRONG><a name="[63]"></a>DMA_ConfigDataNumber</STRONG> (Thumb, 4 bytes, Stack size 0 bytes, apm32f10x_dma.o(i.DMA_ConfigDataNumber))
<BR><BR>[Called By]<UL><LI><a href="#[64]">&gt;&gt;</a>&nbsp;&nbsp;&nbsp;send_data
<LI><a href="#[5e]">&gt;&gt;</a>&nbsp;&nbsp;&nbsp;USART1_Isr
</UL>

<P><STRONG><a name="[61]"></a>DMA_Disable</STRONG> (Thumb, 10 bytes, Stack size 0 bytes, apm32f10x_dma.o(i.DMA_Disable))
<BR><BR>[Called By]<UL><LI><a href="#[64]">&gt;&gt;</a>&nbsp;&nbsp;&nbsp;send_data
<LI><a href="#[5e]">&gt;&gt;</a>&nbsp;&nbsp;&nbsp;USART1_Isr
</UL>

<P><STRONG><a name="[65]"></a>DMA_Enable</STRONG> (Thumb, 12 bytes, Stack size 0 bytes, apm32f10x_dma.o(i.DMA_Enable))
<BR><BR>[Called By]<UL><LI><a href="#[64]">&gt;&gt;</a>&nbsp;&nbsp;&nbsp;send_data
<LI><a href="#[5e]">&gt;&gt;</a>&nbsp;&nbsp;&nbsp;USART1_Isr
</UL>

<P><STRONG><a name="[62]"></a>DMA_ReadDataNumber</STRONG> (Thumb, 8 bytes, Stack size 0 bytes, apm32f10x_dma.o(i.DMA_ReadDataNumber))
<BR><BR>[Called By]<UL><LI><a href="#[5e]">&gt;&gt;</a>&nbsp;&nbsp;&nbsp;USART1_Isr
</UL>

<P><STRONG><a name="[68]"></a>DMA_Reset</STRONG> (Thumb, 322 bytes, Stack size 0 bytes, apm32f10x_dma.o(i.DMA_Reset))
<BR><BR>[Called By]<UL><LI><a href="#[66]">&gt;&gt;</a>&nbsp;&nbsp;&nbsp;config_dma
</UL>

<P><STRONG><a name="[7]"></a>DebugMon_Handler</STRONG> (Thumb, 2 bytes, Stack size 0 bytes, apm32f10x_int.o(i.DebugMon_Handler))
<BR>[Address Reference Count : 1]<UL><LI> startup_apm32f10x_hd.o(RESET)
</UL>
<P><STRONG><a name="[53]"></a>GPIO_Config</STRONG> (Thumb, 154 bytes, Stack size 20 bytes, apm32f10x_gpio.o(i.GPIO_Config))
<BR><BR>[Stack]<UL><LI>Max Depth = 20<LI>Call Chain = GPIO_Config
</UL>
<BR>[Called By]<UL><LI><a href="#[56]">&gt;&gt;</a>&nbsp;&nbsp;&nbsp;APM_MINI_LEDInit
<LI><a href="#[50]">&gt;&gt;</a>&nbsp;&nbsp;&nbsp;APM_MINI_COMInit
</UL>

<P><STRONG><a name="[2]"></a>HardFault_Handler</STRONG> (Thumb, 4 bytes, Stack size 0 bytes, apm32f10x_int.o(i.HardFault_Handler))
<BR>[Address Reference Count : 1]<UL><LI> startup_apm32f10x_hd.o(RESET)
</UL>
<P><STRONG><a name="[3]"></a>MemManage_Handler</STRONG> (Thumb, 4 bytes, Stack size 0 bytes, apm32f10x_int.o(i.MemManage_Handler))
<BR>[Address Reference Count : 1]<UL><LI> startup_apm32f10x_hd.o(RESET)
</UL>
<P><STRONG><a name="[1]"></a>NMI_Handler</STRONG> (Thumb, 2 bytes, Stack size 0 bytes, apm32f10x_int.o(i.NMI_Handler))
<BR>[Address Reference Count : 1]<UL><LI> startup_apm32f10x_hd.o(RESET)
</UL>
<P><STRONG><a name="[58]"></a>NVIC_ConfigPriorityGroup</STRONG> (Thumb, 10 bytes, Stack size 0 bytes, apm32f10x_misc.o(i.NVIC_ConfigPriorityGroup))
<BR><BR>[Called By]<UL><LI><a href="#[57]">&gt;&gt;</a>&nbsp;&nbsp;&nbsp;NVIC_EnableIRQRequest
</UL>

<P><STRONG><a name="[57]"></a>NVIC_EnableIRQRequest</STRONG> (Thumb, 150 bytes, Stack size 28 bytes, apm32f10x_misc.o(i.NVIC_EnableIRQRequest))
<BR><BR>[Stack]<UL><LI>Max Depth = 28<LI>Call Chain = NVIC_EnableIRQRequest
</UL>
<BR>[Calls]<UL><LI><a href="#[58]">&gt;&gt;</a>&nbsp;&nbsp;&nbsp;NVIC_ConfigPriorityGroup
</UL>
<BR>[Called By]<UL><LI><a href="#[4a]">&gt;&gt;</a>&nbsp;&nbsp;&nbsp;main
</UL>

<P><STRONG><a name="[8]"></a>PendSV_Handler</STRONG> (Thumb, 2 bytes, Stack size 0 bytes, apm32f10x_int.o(i.PendSV_Handler))
<BR>[Address Reference Count : 1]<UL><LI> startup_apm32f10x_hd.o(RESET)
</UL>
<P><STRONG><a name="[67]"></a>RCM_EnableAHBPeriphClock</STRONG> (Thumb, 12 bytes, Stack size 0 bytes, apm32f10x_rcm.o(i.RCM_EnableAHBPeriphClock))
<BR><BR>[Called By]<UL><LI><a href="#[66]">&gt;&gt;</a>&nbsp;&nbsp;&nbsp;config_dma
</UL>

<P><STRONG><a name="[52]"></a>RCM_EnableAPB1PeriphClock</STRONG> (Thumb, 12 bytes, Stack size 0 bytes, apm32f10x_rcm.o(i.RCM_EnableAPB1PeriphClock))
<BR><BR>[Called By]<UL><LI><a href="#[50]">&gt;&gt;</a>&nbsp;&nbsp;&nbsp;APM_MINI_COMInit
</UL>

<P><STRONG><a name="[51]"></a>RCM_EnableAPB2PeriphClock</STRONG> (Thumb, 12 bytes, Stack size 0 bytes, apm32f10x_rcm.o(i.RCM_EnableAPB2PeriphClock))
<BR><BR>[Called By]<UL><LI><a href="#[56]">&gt;&gt;</a>&nbsp;&nbsp;&nbsp;APM_MINI_LEDInit
<LI><a href="#[50]">&gt;&gt;</a>&nbsp;&nbsp;&nbsp;APM_MINI_COMInit
<LI><a href="#[4a]">&gt;&gt;</a>&nbsp;&nbsp;&nbsp;main
</UL>

<P><STRONG><a name="[59]"></a>RCM_ReadHCLKFreq</STRONG> (Thumb, 38 bytes, Stack size 32 bytes, apm32f10x_rcm.o(i.RCM_ReadHCLKFreq))
<BR><BR>[Stack]<UL><LI>Max Depth = 32<LI>Call Chain = RCM_ReadHCLKFreq
</UL>
<BR>[Calls]<UL><LI><a href="#[5a]">&gt;&gt;</a>&nbsp;&nbsp;&nbsp;RCM_ReadSYSCLKFreq
</UL>
<BR>[Called By]<UL><LI><a href="#[5b]">&gt;&gt;</a>&nbsp;&nbsp;&nbsp;RCM_ReadPCLKFreq
</UL>

<P><STRONG><a name="[5b]"></a>RCM_ReadPCLKFreq</STRONG> (Thumb, 62 bytes, Stack size 28 bytes, apm32f10x_rcm.o(i.RCM_ReadPCLKFreq))
<BR><BR>[Stack]<UL><LI>Max Depth = 60<LI>Call Chain = RCM_ReadPCLKFreq &rArr; RCM_ReadHCLKFreq
</UL>
<BR>[Calls]<UL><LI><a href="#[59]">&gt;&gt;</a>&nbsp;&nbsp;&nbsp;RCM_ReadHCLKFreq
</UL>
<BR>[Called By]<UL><LI><a href="#[54]">&gt;&gt;</a>&nbsp;&nbsp;&nbsp;USART_Config
</UL>

<P><STRONG><a name="[5a]"></a>RCM_ReadSYSCLKFreq</STRONG> (Thumb, 86 bytes, Stack size 0 bytes, apm32f10x_rcm.o(i.RCM_ReadSYSCLKFreq))
<BR><BR>[Called By]<UL><LI><a href="#[59]">&gt;&gt;</a>&nbsp;&nbsp;&nbsp;RCM_ReadHCLKFreq
</UL>

<P><STRONG><a name="[6]"></a>SVC_Handler</STRONG> (Thumb, 2 bytes, Stack size 0 bytes, apm32f10x_int.o(i.SVC_Handler))
<BR>[Address Reference Count : 1]<UL><LI> startup_apm32f10x_hd.o(RESET)
</UL>
<P><STRONG><a name="[9]"></a>SysTick_Handler</STRONG> (Thumb, 2 bytes, Stack size 0 bytes, apm32f10x_int.o(i.SysTick_Handler))
<BR>[Address Reference Count : 1]<UL><LI> startup_apm32f10x_hd.o(RESET)
</UL>
<P><STRONG><a name="[4b]"></a>SystemInit</STRONG> (Thumb, 80 bytes, Stack size 8 bytes, system_apm32f10x.o(i.SystemInit))
<BR><BR>[Stack]<UL><LI>Max Depth = 24<LI>Call Chain = SystemInit &rArr; SystemClockConfig &rArr; SystemClock72M
</UL>
<BR>[Calls]<UL><LI><a href="#[5c]">&gt;&gt;</a>&nbsp;&nbsp;&nbsp;SystemClockConfig
</UL>
<BR>[Address Reference Count : 1]<UL><LI> startup_apm32f10x_hd.o(.text)
</UL>
<P><STRONG><a name="[2f]"></a>USART1_IRQHandler</STRONG> (Thumb, 8 bytes, Stack size 8 bytes, apm32f10x_int.o(i.USART1_IRQHandler))
<BR><BR>[Stack]<UL><LI>Max Depth = 32<LI>Call Chain = USART1_IRQHandler &rArr; USART1_Isr &rArr; send_data
</UL>
<BR>[Calls]<UL><LI><a href="#[5e]">&gt;&gt;</a>&nbsp;&nbsp;&nbsp;USART1_Isr
</UL>
<BR>[Address Reference Count : 1]<UL><LI> startup_apm32f10x_hd.o(RESET)
</UL>
<P><STRONG><a name="[5e]"></a>USART1_Isr</STRONG> (Thumb, 62 bytes, Stack size 8 bytes, main.o(i.USART1_Isr))
<BR><BR>[Stack]<UL><LI>Max Depth = 24<LI>Call Chain = USART1_Isr &rArr; send_data
</UL>
<BR>[Calls]<UL><LI><a href="#[62]">&gt;&gt;</a>&nbsp;&nbsp;&nbsp;DMA_ReadDataNumber
<LI><a href="#[65]">&gt;&gt;</a>&nbsp;&nbsp;&nbsp;DMA_Enable
<LI><a href="#[61]">&gt;&gt;</a>&nbsp;&nbsp;&nbsp;DMA_Disable
<LI><a href="#[63]">&gt;&gt;</a>&nbsp;&nbsp;&nbsp;DMA_ConfigDataNumber
<LI><a href="#[64]">&gt;&gt;</a>&nbsp;&nbsp;&nbsp;send_data
<LI><a href="#[60]">&gt;&gt;</a>&nbsp;&nbsp;&nbsp;USART_RxData
<LI><a href="#[5f]">&gt;&gt;</a>&nbsp;&nbsp;&nbsp;USART_ReadIntFlag
</UL>
<BR>[Called By]<UL><LI><a href="#[2f]">&gt;&gt;</a>&nbsp;&nbsp;&nbsp;USART1_IRQHandler
</UL>

<P><STRONG><a name="[30]"></a>USART2_IRQHandler</STRONG> (Thumb, 2 bytes, Stack size 0 bytes, apm32f10x_int.o(i.USART2_IRQHandler))
<BR>[Address Reference Count : 1]<UL><LI> startup_apm32f10x_hd.o(RESET)
</UL>
<P><STRONG><a name="[54]"></a>USART_Config</STRONG> (Thumb, 138 bytes, Stack size 32 bytes, apm32f10x_usart.o(i.USART_Config))
<BR><BR>[Stack]<UL><LI>Max Depth = 92<LI>Call Chain = USART_Config &rArr; RCM_ReadPCLKFreq &rArr; RCM_ReadHCLKFreq
</UL>
<BR>[Calls]<UL><LI><a href="#[5b]">&gt;&gt;</a>&nbsp;&nbsp;&nbsp;RCM_ReadPCLKFreq
</UL>
<BR>[Called By]<UL><LI><a href="#[50]">&gt;&gt;</a>&nbsp;&nbsp;&nbsp;APM_MINI_COMInit
</UL>

<P><STRONG><a name="[55]"></a>USART_Enable</STRONG> (Thumb, 14 bytes, Stack size 0 bytes, apm32f10x_usart.o(i.USART_Enable))
<BR><BR>[Called By]<UL><LI><a href="#[50]">&gt;&gt;</a>&nbsp;&nbsp;&nbsp;APM_MINI_COMInit
</UL>

<P><STRONG><a name="[6a]"></a>USART_EnableDMA</STRONG> (Thumb, 8 bytes, Stack size 0 bytes, apm32f10x_usart.o(i.USART_EnableDMA))
<BR><BR>[Called By]<UL><LI><a href="#[4a]">&gt;&gt;</a>&nbsp;&nbsp;&nbsp;main
</UL>

<P><STRONG><a name="[6b]"></a>USART_EnableInterrupt</STRONG> (Thumb, 40 bytes, Stack size 0 bytes, apm32f10x_usart.o(i.USART_EnableInterrupt))
<BR><BR>[Called By]<UL><LI><a href="#[4a]">&gt;&gt;</a>&nbsp;&nbsp;&nbsp;main
</UL>

<P><STRONG><a name="[5f]"></a>USART_ReadIntFlag</STRONG> (Thumb, 62 bytes, Stack size 8 bytes, apm32f10x_usart.o(i.USART_ReadIntFlag))
<BR><BR>[Stack]<UL><LI>Max Depth = 8<LI>Call Chain = USART_ReadIntFlag
</UL>
<BR>[Called By]<UL><LI><a href="#[5e]">&gt;&gt;</a>&nbsp;&nbsp;&nbsp;USART1_Isr
</UL>

<P><STRONG><a name="[6e]"></a>USART_ReadStatusFlag</STRONG> (Thumb, 16 bytes, Stack size 0 bytes, apm32f10x_usart.o(i.USART_ReadStatusFlag))
<BR><BR>[Called By]<UL><LI><a href="#[64]">&gt;&gt;</a>&nbsp;&nbsp;&nbsp;send_data
</UL>

<P><STRONG><a name="[60]"></a>USART_RxData</STRONG> (Thumb, 10 bytes, Stack size 0 bytes, apm32f10x_usart.o(i.USART_RxData))
<BR><BR>[Called By]<UL><LI><a href="#[5e]">&gt;&gt;</a>&nbsp;&nbsp;&nbsp;USART1_Isr
</UL>

<P><STRONG><a name="[5]"></a>UsageFault_Handler</STRONG> (Thumb, 4 bytes, Stack size 0 bytes, apm32f10x_int.o(i.UsageFault_Handler))
<BR>[Address Reference Count : 1]<UL><LI> startup_apm32f10x_hd.o(RESET)
</UL>
<P><STRONG><a name="[78]"></a>__scatterload_copy</STRONG> (Thumb, 14 bytes, Stack size unknown bytes, handlers.o(i.__scatterload_copy), UNUSED)

<P><STRONG><a name="[79]"></a>__scatterload_null</STRONG> (Thumb, 2 bytes, Stack size unknown bytes, handlers.o(i.__scatterload_null), UNUSED)

<P><STRONG><a name="[7a]"></a>__scatterload_zeroinit</STRONG> (Thumb, 14 bytes, Stack size unknown bytes, handlers.o(i.__scatterload_zeroinit), UNUSED)

<P><STRONG><a name="[66]"></a>config_dma</STRONG> (Thumb, 120 bytes, Stack size 32 bytes, main.o(i.config_dma))
<BR><BR>[Stack]<UL><LI>Max Depth = 32<LI>Call Chain = config_dma
</UL>
<BR>[Calls]<UL><LI><a href="#[68]">&gt;&gt;</a>&nbsp;&nbsp;&nbsp;DMA_Reset
<LI><a href="#[69]">&gt;&gt;</a>&nbsp;&nbsp;&nbsp;DMA_Config
<LI><a href="#[67]">&gt;&gt;</a>&nbsp;&nbsp;&nbsp;RCM_EnableAHBPeriphClock
</UL>
<BR>[Called By]<UL><LI><a href="#[4a]">&gt;&gt;</a>&nbsp;&nbsp;&nbsp;main
</UL>

<P><STRONG><a name="[4a]"></a>main</STRONG> (Thumb, 116 bytes, Stack size 32 bytes, main.o(i.main))
<BR><BR>[Stack]<UL><LI>Max Depth = 140<LI>Call Chain = main &rArr; APM_MINI_COMInit &rArr; USART_Config &rArr; RCM_ReadPCLKFreq &rArr; RCM_ReadHCLKFreq
</UL>
<BR>[Calls]<UL><LI><a href="#[57]">&gt;&gt;</a>&nbsp;&nbsp;&nbsp;NVIC_EnableIRQRequest
<LI><a href="#[51]">&gt;&gt;</a>&nbsp;&nbsp;&nbsp;RCM_EnableAPB2PeriphClock
<LI><a href="#[6c]">&gt;&gt;</a>&nbsp;&nbsp;&nbsp;strlen
<LI><a href="#[56]">&gt;&gt;</a>&nbsp;&nbsp;&nbsp;APM_MINI_LEDInit
<LI><a href="#[50]">&gt;&gt;</a>&nbsp;&nbsp;&nbsp;APM_MINI_COMInit
<LI><a href="#[64]">&gt;&gt;</a>&nbsp;&nbsp;&nbsp;send_data
<LI><a href="#[66]">&gt;&gt;</a>&nbsp;&nbsp;&nbsp;config_dma
<LI><a href="#[6b]">&gt;&gt;</a>&nbsp;&nbsp;&nbsp;USART_EnableInterrupt
<LI><a href="#[6a]">&gt;&gt;</a>&nbsp;&nbsp;&nbsp;USART_EnableDMA
</UL>
<BR>[Address Reference Count : 1]<UL><LI> entry9a.o(.ARM.Collect$$$$0000000B)
</UL>
<P><STRONG><a name="[64]"></a>send_data</STRONG> (Thumb, 52 bytes, Stack size 16 bytes, main.o(i.send_data))
<BR><BR>[Stack]<UL><LI>Max Depth = 16<LI>Call Chain = send_data
</UL>
<BR>[Calls]<UL><LI><a href="#[65]">&gt;&gt;</a>&nbsp;&nbsp;&nbsp;DMA_Enable
<LI><a href="#[61]">&gt;&gt;</a>&nbsp;&nbsp;&nbsp;DMA_Disable
<LI><a href="#[63]">&gt;&gt;</a>&nbsp;&nbsp;&nbsp;DMA_ConfigDataNumber
<LI><a href="#[6d]">&gt;&gt;</a>&nbsp;&nbsp;&nbsp;__aeabi_memcpy
<LI><a href="#[6e]">&gt;&gt;</a>&nbsp;&nbsp;&nbsp;USART_ReadStatusFlag
</UL>
<BR>[Called By]<UL><LI><a href="#[4a]">&gt;&gt;</a>&nbsp;&nbsp;&nbsp;main
<LI><a href="#[5e]">&gt;&gt;</a>&nbsp;&nbsp;&nbsp;USART1_Isr
</UL>
<P>
<H3>
Local Symbols
</H3>
<P><STRONG><a name="[5d]"></a>SystemClock72M</STRONG> (Thumb, 212 bytes, Stack size 8 bytes, system_apm32f10x.o(i.SystemClock72M))
<BR><BR>[Stack]<UL><LI>Max Depth = 8<LI>Call Chain = SystemClock72M
</UL>
<BR>[Called By]<UL><LI><a href="#[5c]">&gt;&gt;</a>&nbsp;&nbsp;&nbsp;SystemClockConfig
</UL>

<P><STRONG><a name="[5c]"></a>SystemClockConfig</STRONG> (Thumb, 8 bytes, Stack size 8 bytes, system_apm32f10x.o(i.SystemClockConfig))
<BR><BR>[Stack]<UL><LI>Max Depth = 16<LI>Call Chain = SystemClockConfig &rArr; SystemClock72M
</UL>
<BR>[Calls]<UL><LI><a href="#[5d]">&gt;&gt;</a>&nbsp;&nbsp;&nbsp;SystemClock72M
</UL>
<BR>[Called By]<UL><LI><a href="#[4b]">&gt;&gt;</a>&nbsp;&nbsp;&nbsp;SystemInit
</UL>
<P>
<H3>
Undefined Global Symbols
</H3><HR></body></html>
